2026-06-14 21:32:56 | Hosting failed to start
System.IO.IOException: Failed to bind to address https://127.0.0.1:7147: address already in use.
 ---> Microsoft.AspNetCore.Connections.AddressInUseException: Only one usage of each socket address (protocol/network address/port) is normally permitted.
 ---> System.Net.Sockets.SocketException (10048): Only one usage of each socket address (protocol/network address/port) is normally permitted.
   at System.Net.Sockets.Socket.UpdateStatusAfterSocketErrorAndThrowException(SocketError error, Boolean disconnectOnFailure, String callerName)
   at System.Net.Sockets.Socket.DoBind(EndPoint endPointSnapshot, SocketAddress socketAddress)
   at System.Net.Sockets.Socket.Bind(EndPoint localEP)
   at Microsoft.AspNetCore.Server.Kestrel.Transport.Sockets.SocketTransportOptions.CreateDefaultBoundListenSocket(EndPoint endpoint)
   at Microsoft.AspNetCore.Server.Kestrel.Transport.Sockets.SocketConnectionListener.Bind()
   --- End of inner exception stack trace ---
   at Microsoft.AspNetCore.Server.Kestrel.Transport.Sockets.SocketConnectionListener.Bind()
   at Microsoft.AspNetCore.Server.Kestrel.Transport.Sockets.SocketTransportFactory.BindAsync(EndPoint endpoint, CancellationToken cancellationToken)
   at Microsoft.AspNetCore.Server.Kestrel.Core.Internal.Infrastructure.TransportManager.BindAsync(EndPoint endPoint, ConnectionDelegate connectionDelegate, EndpointConfig endpointConfig, CancellationToken cancellationToken)
   at Microsoft.AspNetCore.Server.Kestrel.Core.KestrelServerImpl.<>c__DisplayClass28_0`1.<<StartAsync>g__OnBind|0>d.MoveNext()
--- End of stack trace from previous location ---
   at Microsoft.AspNetCore.Server.Kestrel.Core.Internal.AddressBinder.BindEndpointAsync(ListenOptions endpoint, AddressBindContext context, CancellationToken cancellationToken)
   --- End of inner exception stack trace ---
   at Microsoft.AspNetCore.Server.Kestrel.Core.Internal.AddressBinder.BindEndpointAsync(ListenOptions endpoint, AddressBindContext context, CancellationToken cancellationToken)
   at Microsoft.AspNetCore.Server.Kestrel.Core.LocalhostListenOptions.BindAsync(AddressBindContext context, CancellationToken cancellationToken)
   at Microsoft.AspNetCore.Server.Kestrel.Core.Internal.AddressBinder.AddressesStrategy.BindAsync(AddressBindContext context, CancellationToken cancellationToken)
   at Microsoft.AspNetCore.Server.Kestrel.Core.KestrelServerImpl.BindAsync(CancellationToken cancellationToken)
   at Microsoft.AspNetCore.Server.Kestrel.Core.KestrelServerImpl.StartAsync[TContext](IHttpApplication`1 application, CancellationToken cancellationToken)
   at Microsoft.AspNetCore.Hosting.GenericWebHostService.StartAsync(CancellationToken cancellationToken)
   at Microsoft.Extensions.Hosting.Internal.Host.<StartAsync>b__14_1(IHostedService service, CancellationToken token)
   at Microsoft.Extensions.Hosting.Internal.Host.ForeachService[T](IEnumerable`1 services, CancellationToken token, Boolean concurrent, Boolean abortOnFirstException, List`1 exceptions, Func`3 operation)
2026-06-14 21:32:56 | Sending email via Resend to nehilsinha@gmail.com
2026-06-14 21:35:36 | Sending email via Resend to nehilsinha@gmail.com
2026-06-14 21:35:38 | Resend email failed with status "Forbidden": {"statusCode":403,"name":"validation_error","message":"You can only send testing emails to your own email address (rinkeeverma23@gmail.com). To send emails to other recipients, please verify a domain at resend.com/domains, and change the `from` address to an email using this domain."}
2026-06-14 21:55:32 | JWT token generated for user: 25184435-f8c1-4b07-a950-1667038d293f
2026-06-14 21:55:55 | JWT token generated for user: 25184435-f8c1-4b07-a950-1667038d293f
2026-06-14 21:58:37 | JWT token generated for user: 25184435-f8c1-4b07-a950-1667038d293f
2026-06-14 21:59:36 | JWT token generated for user: 25184435-f8c1-4b07-a950-1667038d293f
2026-06-14 22:03:34 | Meilisearch search failed for query 'lamp'
Meilisearch.MeilisearchApiError: MeilisearchApiError, Message: Index `products_all`: Attribute `isActive` is not filterable. This index does not have configured filterable attributes.
1:9 isActive = true, Code: invalid_search_filter, Type: invalid_request, Link: https://docs.meilisearch.com/errors#invalid_search_filter
   at Meilisearch.MeilisearchMessageHandler.SendAsync(HttpRequestMessage request, CancellationToken cancellationToken)
   at System.Net.Http.HttpClient.<SendAsync>g__Core|83_0(HttpRequestMessage request, HttpCompletionOption completionOption, CancellationTokenSource cts, Boolean disposeCts, CancellationTokenSource pendingRequestsCts, CancellationToken originalCancellationToken)
   at Meilisearch.Index.SearchAsync[T](String query, SearchQuery searchAttributes, CancellationToken cancellationToken)
   at RNVS.ECommerce.Infrastructure.Search.MeilisearchService.SearchAsync(SearchRequest request) in G:\E_Commerce\RNVS.ECommerce.Solution\RNVS.ECommerce.Infrastructure\Search\MeilisearchService.cs:line 93
