2026-05-02 14:14:52 | Product created: 1 by user dd2e7252-016c-4dee-893e-107100e6e2a0
2026-05-02 14:14:54 | Image uploaded and optimized: iPhone 15.jpg to wwwroot/uploads\products\3ad3e714-6b17-4520-8c1b-3270fc8a8296.jpg
2026-05-02 14:14:54 | Image uploaded for product 1: 1
2026-05-02 14:16:26 | Product created: 2 by user dd2e7252-016c-4dee-893e-107100e6e2a0
2026-05-02 14:16:27 | Image uploaded and optimized: Samsung Galaxy S23 Ultra.jpg to wwwroot/uploads\products\293ced9b-11a3-4641-82a1-75d1903cdadb.jpg
2026-05-02 14:16:27 | Image uploaded for product 2: 2
2026-05-02 14:17:54 | Product created: 3 by user dd2e7252-016c-4dee-893e-107100e6e2a0
2026-05-02 14:17:54 | Image uploaded and optimized: Google Pixel 8.jpg to wwwroot/uploads\products\39b119df-cbf0-4658-a2a2-00f8d9b9ff89.jpg
2026-05-02 14:17:54 | Image uploaded for product 3: 3
2026-05-05 14:28:38 | Product created: 9 by user dd2e7252-016c-4dee-893e-107100e6e2a0
2026-05-05 14:28:40 | Image uploaded and optimized: POCO X5 Pro 5G.jpg to wwwroot/uploads\products\9141413b-8216-4a23-9d0f-57f0bbd80f40.jpg
2026-05-05 14:28:40 | Image uploaded for product 9: 9
2026-05-05 14:29:42 | Product created: 10 by user dd2e7252-016c-4dee-893e-107100e6e2a0
2026-05-05 14:29:44 | Image uploaded and optimized: Vivo V29.jpg to wwwroot/uploads\products\2654ed97-e666-4352-9d33-5f1a025d60d1.jpg
2026-05-05 14:29:44 | Image uploaded for product 10: 10
2026-05-08 00:02:20 | Product created: 11 by user dd2e7252-016c-4dee-893e-107100e6e2a0
2026-05-08 00:02:21 | Image uploaded and optimized: Smart LED TV 55-inch.jpg to wwwroot/uploads\products\e6cb19d3-a713-4ae5-83c9-dea36cb52f56.jpg
2026-05-08 00:02:21 | Image uploaded for product 11: 11
2026-05-08 00:03:33 | Product created: 12 by user dd2e7252-016c-4dee-893e-107100e6e2a0
2026-05-08 00:03:35 | Image uploaded and optimized: Wireless Security Camera.jpg to wwwroot/uploads\products\11ed5edf-8a18-498a-af36-8f733e0d9db2.jpg
2026-05-08 00:03:36 | Image uploaded for product 12: 12
2026-05-08 00:05:09 | Product created: 13 by user dd2e7252-016c-4dee-893e-107100e6e2a0
2026-05-08 00:05:12 | Image uploaded and optimized: Non-Stick Cookware Set.jpg to wwwroot/uploads\products\abb95bb2-4fa0-44e4-8f87-690ee608db9b.jpg
2026-05-08 00:05:12 | Image uploaded for product 13: 13
2026-05-08 00:16:15 | Product created: 14 by user dd2e7252-016c-4dee-893e-107100e6e2a0
2026-05-08 00:16:18 | Image uploaded and optimized: Electric Rice Cooker.jpg to wwwroot/uploads\products\8baaf3f5-3855-42c0-bb60-3856bae65d9a.jpg
2026-05-08 00:16:18 | Image uploaded for product 14: 14
2026-05-08 00:17:36 | Product created: 15 by user dd2e7252-016c-4dee-893e-107100e6e2a0
2026-05-08 00:17:37 | Image uploaded and optimized: Ergonomic Office Chair.jpg to wwwroot/uploads\products\55f93b06-a53e-4386-a643-4afeca59821d.jpg
2026-05-08 00:17:37 | Image uploaded for product 15: 15
2026-05-08 00:19:21 | Product created: 16 by user dd2e7252-016c-4dee-893e-107100e6e2a0
2026-05-08 00:19:21 | Image uploaded and optimized: Wooden Coffee Table.jpg to wwwroot/uploads\products\cdf8b1a7-dfc6-4fee-8578-e21dda3fd952.jpg
2026-05-08 00:19:21 | Image uploaded for product 16: 16
2026-05-08 00:20:15 | Product created: 17 by user dd2e7252-016c-4dee-893e-107100e6e2a0
2026-05-08 00:20:16 | Image uploaded and optimized: LED Floor Lamp.jpg to wwwroot/uploads\products\d6fcf145-47af-4190-8cff-73c0ae95f989.jpg
2026-05-08 00:20:16 | Image uploaded for product 17: 17
2026-05-08 00:21:39 | Category created: 31 by user dd2e7252-016c-4dee-893e-107100e6e2a0
2026-05-08 00:21:49 | Product created: 18 by user dd2e7252-016c-4dee-893e-107100e6e2a0
2026-05-08 00:21:49 | Image uploaded and optimized: Vacuum Cleaner.jpg to wwwroot/uploads\products\0cffa2fd-1c38-41df-9a14-243c72f7d421.jpg
2026-05-08 00:21:49 | Image uploaded for product 18: 18
2026-05-08 00:23:06 | Product created: 19 by user dd2e7252-016c-4dee-893e-107100e6e2a0
2026-05-08 00:23:08 | Image uploaded and optimized: Air Purifier.jpg to wwwroot/uploads\products\10155a0d-849f-43fa-a86f-b925be5caae6.jpg
2026-05-08 00:23:08 | Image uploaded for product 19: 19
2026-05-08 00:25:14 | Product created: 20 by user dd2e7252-016c-4dee-893e-107100e6e2a0
2026-05-08 00:25:17 | Image uploaded and optimized: Ceiling Fan with Remote.jpg to wwwroot/uploads\products\2566bd37-c800-4e56-97ea-870dd962bd78.jpg
2026-05-08 00:25:17 | Image uploaded for product 20: 20
2026-05-08 00:26:25 | Category created: 32 by user dd2e7252-016c-4dee-893e-107100e6e2a0
2026-05-08 00:26:35 | Product created: 21 by user dd2e7252-016c-4dee-893e-107100e6e2a0
2026-05-08 00:26:35 | Image uploaded and optimized: Kids Building Block Set.jpg to wwwroot/uploads\products\a7ec2471-8200-4295-8dff-dfb93d7ac6cc.jpg
2026-05-08 00:26:35 | Image uploaded for product 21: 21
2026-06-23 22:12:52 | Invoice template created: 1
2026-06-23 22:13:58 | Invoice template created: 2
2026-06-23 22:14:36 | Invoice template set as default: 2
2026-06-23 22:14:36 | Invoice template deleted: 1
2026-06-28 19:13:27 | Invoice template created: 3
