2026-05-05 14:16:01 | Product created: 4 by user decd5425-e0af-4459-85e9-e4d535d17504
2026-05-05 14:16:03 | Image uploaded and optimized: OnePlus 11 5G.jpg to wwwroot/uploads\products\86ff903b-49c6-4f57-b0c5-eff58ae8c79d.jpg
2026-05-05 14:16:03 | Image uploaded for product 4: 4
2026-05-05 14:17:32 | Product created: 5 by user decd5425-e0af-4459-85e9-e4d535d17504
2026-05-05 14:17:34 | Image uploaded and optimized: Xiaomi Redmi Note 13 Pro.jpg to wwwroot/uploads\products\d3b492c6-6f4b-46fb-ace0-e0b036e72f26.jpg
2026-05-05 14:17:34 | Image uploaded for product 5: 5
2026-05-05 14:18:41 | Product created: 6 by user decd5425-e0af-4459-85e9-e4d535d17504
2026-05-05 14:18:43 | Image uploaded and optimized: Samsung Galaxy A14.jpg to wwwroot/uploads\products\4420b306-309c-46fa-ad0e-611fd1f63fda.jpg
2026-05-05 14:18:43 | Image uploaded for product 6: 6
2026-05-05 14:24:40 | Product created: 7 by user decd5425-e0af-4459-85e9-e4d535d17504
2026-05-05 14:24:42 | Image uploaded and optimized: Motorola Edge 40.jpg to wwwroot/uploads\products\b53e7c0b-1dfb-42f4-98de-d4b8cb529358.jpg
2026-05-05 14:24:42 | Image uploaded for product 7: 7
2026-05-05 14:26:08 | Product created: 8 by user decd5425-e0af-4459-85e9-e4d535d17504
2026-05-05 14:26:11 | Image uploaded and optimized: Realme 11 Pro+.jpg to wwwroot/uploads\products\1318834d-d745-44d5-88fc-9934327779ee.jpg
2026-05-05 14:26:11 | Image uploaded for product 8: 8
2026-05-08 00:37:59 | Product created: 22 by user decd5425-e0af-4459-85e9-e4d535d17504
2026-05-08 00:38:01 | Image uploaded and optimized: Wireless Security Camera.jpg to wwwroot/uploads\products\55e697f8-a69b-48b6-88c5-e1497b7d5771.jpg
2026-05-08 00:38:01 | Image uploaded for product 22: 22
2026-05-08 00:40:02 | Product created: 23 by user decd5425-e0af-4459-85e9-e4d535d17504
2026-05-08 00:40:04 | Image uploaded and optimized: Smart Fitness Watch.jpg to wwwroot/uploads\products\5cfc55b0-a3a0-4c33-9cfc-546395272c16.jpg
2026-05-08 00:40:04 | Image uploaded for product 23: 23
2026-05-08 00:41:11 | Product created: 24 by user decd5425-e0af-4459-85e9-e4d535d17504
2026-05-08 00:41:13 | Image uploaded and optimized: Classic Analog Watch.jpg to wwwroot/uploads\products\d8597d24-8cdf-49b7-a8b2-1d12ea8e634f.jpg
2026-05-08 00:41:13 | Image uploaded for product 24: 24
2026-05-08 00:42:12 | Product created: 25 by user decd5425-e0af-4459-85e9-e4d535d17504
2026-05-08 00:42:14 | Image uploaded and optimized: Stainless Steel Knife Set.jpg to wwwroot/uploads\products\0d99ccdd-c3f0-49cd-ad34-c3468e70feb6.jpg
2026-05-08 00:42:14 | Image uploaded for product 25: 25
2026-05-08 00:43:26 | Product created: 26 by user decd5425-e0af-4459-85e9-e4d535d17504
2026-05-08 00:43:28 | Image uploaded and optimized: Microwave Oven 25L.jpg to wwwroot/uploads\products\52217105-ab84-48a1-839d-55fcb4b8efa3.jpg
2026-05-08 00:43:28 | Image uploaded for product 26: 26
2026-05-08 00:45:22 | Product created: 27 by user decd5425-e0af-4459-85e9-e4d535d17504
2026-05-08 00:45:22 | Image uploaded and optimized: Wooden Coffee Table.jpg to wwwroot/uploads\products\6f49cfbd-cd28-484f-a7d6-d13e2a363888.jpg
2026-05-08 00:45:22 | Image uploaded for product 27: 27
2026-05-08 00:47:30 | Product created: 28 by user decd5425-e0af-4459-85e9-e4d535d17504
2026-05-08 00:47:32 | Image uploaded and optimized: LED Floor Lamp.jpg to wwwroot/uploads\products\6a47f03d-7035-4354-bf40-44c0f0cbdf47.jpg
2026-05-08 00:47:32 | Image uploaded for product 28: 28
