2025-12-27 13:54:43 | JWT token generated for user: 5b776022-d234-41a6-8b94-d98e73e53a8f
2025-12-27 14:03:29 | BROWSING_HISTORY_REQUESTED | User: 5b776022-d234-41a6-8b94-d98e73e53a8f | Limit: 20 | TotalViews: 0 | DateTime: 2025-12-27 08:33:29
2025-12-27 14:04:52 | JWT token generated for user: 46959afd-6a4a-4b0b-b18d-d4ecef8e8f2e
2025-12-27 14:15:50 | Employee created: 1
2025-12-27 21:48:38 | JWT token generated for user: 46959afd-6a4a-4b0b-b18d-d4ecef8e8f2e
2025-12-27 21:50:11 | Employee updated: 1
2025-12-27 21:51:13 | Employee deleted (soft): 1
2025-12-27 22:03:19 | JWT token generated for user: 20cfa2d3-8a93-491d-965f-8c29367aa794
2025-12-27 22:06:13 | Password reset token for superadmin@example.com: CfDJ8DW/kSpXgttLinRe6zlKFGgWWxmArAgMtdNUszrHMnH6ojCLrqDVidReMVTHbQw6g3pLqzZYW00vaH8LMvs6wa0ajdhUtwUd9NqCB3SOGoBjgzapvN19NfgQIMA9Dvzb5p78m4D+hH2BODkst9cAKPR4A1bss3i0MLmwbA41GEfExQ0IM1Tedd46RyRN8/7nU7z7oL87SQ45nRFgRY3VE+Cz8Jb+y/fMOYhUmPMmpxDl
2025-12-27 22:25:34 | Error getting principal from expired token
Microsoft.IdentityModel.Tokens.SecurityTokenMalformedException: IDX12741: JWT must have three segments (JWS) or five segments (JWE).
   at System.IdentityModel.Tokens.Jwt.JwtSecurityTokenHandler.ValidateToken(String token, TokenValidationParameters validationParameters, SecurityToken& validatedToken)
   at RNVS.ECommerce.Infrastructure.Security.JwtTokenService.GetPrincipalFromExpiredToken(String token) in G:\E_Commerce\RNVS.ECommerce.Solution\RNVS.ECommerce.Infrastructure\Security\JwtTokenService.cs:line 193
2025-12-27 22:42:57 | JWT token generated for user: 20cfa2d3-8a93-491d-965f-8c29367aa794
2025-12-27 22:44:59 | Generated OTP for +918050945712: 224114
2025-12-27 22:44:59 | SMS to +918050945712: Your OTP is: 224114. Valid for 5 minutes. Do not share with anyone.
2025-12-27 22:44:59 | OTP sent to +918050945712
2025-12-27 22:49:39 | OTP verification failed for +919876543210
2025-12-27 22:50:07 | OTP verification failed for +918050945712
2025-12-27 22:55:18 | OTP verification failed for +918050945712
2025-12-27 22:57:58 | Generated OTP for +918050945712: 560687
2025-12-27 22:57:58 | SMS to +918050945712: Your OTP is: 560687. Valid for 5 minutes. Do not share with anyone.
2025-12-27 22:57:58 | OTP sent to +918050945712
2025-12-27 22:58:19 | OTP verified successfully for +918050945712
2025-12-27 23:10:25 | JWT token generated for user: 8941a051-08f2-4326-981f-94d13ef7405d
2025-12-27 23:13:00 | JWT token generated for user: 800a7a47-8892-458a-ab98-11571e408399
2025-12-27 23:13:10 | Sending email to rinkeeverma@inovativeai.com with subject Email Verification
2025-12-27 23:13:13 | Failed to send email to rinkeeverma@inovativeai.com
System.Net.Mail.SmtpException: The SMTP server requires a secure connection or the client was not authenticated. The server response was: 5.7.0 Authentication Required. For more information, go to
   at System.Net.Mail.MailCommand.CheckResponse(SmtpStatusCode statusCode, String response)
   at System.Net.Mail.MailCommand.EndSend(IAsyncResult result)
   at System.Net.Mail.SendMailAsyncResult.SendMailFromCompleted(IAsyncResult result)
--- End of stack trace from previous location ---
   at System.Net.Mail.SendMailAsyncResult.End(IAsyncResult result)
   at System.Net.Mail.SmtpClient.SendMailCallback(IAsyncResult result)
--- End of stack trace from previous location ---
   at RNVS.ECommerce.Infrastructure.Email.SmtpEmailService.SendEmailAsync(String to, String subject, String body, List`1 attachments) in G:\E_Commerce\RNVS.ECommerce.Solution\RNVS.ECommerce.Infrastructure\Email\SmtpEmailService.cs:line 65
2025-12-27 23:13:13 | Email verification sent to rinkeeverma@inovativeai.com
2025-12-27 23:18:40 | Sending email to rinkeeverma@inovativeai.com with subject Email Verification
2025-12-27 23:18:42 | Failed to send email to rinkeeverma@inovativeai.com
System.Net.Mail.SmtpException: The SMTP server requires a secure connection or the client was not authenticated. The server response was: 5.7.0 Authentication Required. For more information, go to
   at System.Net.Mail.MailCommand.CheckResponse(SmtpStatusCode statusCode, String response)
   at System.Net.Mail.MailCommand.EndSend(IAsyncResult result)
   at System.Net.Mail.SendMailAsyncResult.SendMailFromCompleted(IAsyncResult result)
--- End of stack trace from previous location ---
   at System.Net.Mail.SendMailAsyncResult.End(IAsyncResult result)
   at System.Net.Mail.SmtpClient.SendMailCallback(IAsyncResult result)
--- End of stack trace from previous location ---
   at RNVS.ECommerce.Infrastructure.Email.SmtpEmailService.SendEmailAsync(String to, String subject, String body, List`1 attachments) in G:\E_Commerce\RNVS.ECommerce.Solution\RNVS.ECommerce.Infrastructure\Email\SmtpEmailService.cs:line 65
2025-12-27 23:18:42 | Email verification sent to rinkeeverma@inovativeai.com
2025-12-27 23:31:08 | Sending email to rinkeeverma@inovativeai.com with subject Email Verification
2025-12-27 23:31:10 | Failed to send email to rinkeeverma@inovativeai.com
System.Net.Mail.SmtpException: The SMTP server requires a secure connection or the client was not authenticated. The server response was: 5.7.0 Authentication Required. For more information, go to
   at System.Net.Mail.MailCommand.CheckResponse(SmtpStatusCode statusCode, String response)
   at System.Net.Mail.MailCommand.EndSend(IAsyncResult result)
   at System.Net.Mail.SendMailAsyncResult.SendMailFromCompleted(IAsyncResult result)
--- End of stack trace from previous location ---
   at System.Net.Mail.SendMailAsyncResult.End(IAsyncResult result)
   at System.Net.Mail.SmtpClient.SendMailCallback(IAsyncResult result)
--- End of stack trace from previous location ---
   at RNVS.ECommerce.Infrastructure.Email.SmtpEmailService.SendEmailAsync(String to, String subject, String body, List`1 attachments) in G:\E_Commerce\RNVS.ECommerce.Solution\RNVS.ECommerce.Infrastructure\Email\SmtpEmailService.cs:line 65
2025-12-27 23:31:10 | Email verification sent to rinkeeverma@inovativeai.com
2025-12-27 23:38:36 | Sending email to rinkeeverma@inovative.com with subject Email Verification
2025-12-27 23:38:38 | Failed to send email to rinkeeverma@inovative.com
System.Net.Mail.SmtpException: The SMTP server requires a secure connection or the client was not authenticated. The server response was: 5.7.0 Authentication Required. For more information, go to
   at System.Net.Mail.MailCommand.CheckResponse(SmtpStatusCode statusCode, String response)
   at System.Net.Mail.MailCommand.EndSend(IAsyncResult result)
   at System.Net.Mail.SendMailAsyncResult.SendMailFromCompleted(IAsyncResult result)
--- End of stack trace from previous location ---
   at System.Net.Mail.SendMailAsyncResult.End(IAsyncResult result)
   at System.Net.Mail.SmtpClient.SendMailCallback(IAsyncResult result)
--- End of stack trace from previous location ---
   at RNVS.ECommerce.Infrastructure.Email.SmtpEmailService.SendEmailAsync(String to, String subject, String body, List`1 attachments) in G:\E_Commerce\RNVS.ECommerce.Solution\RNVS.ECommerce.Infrastructure\Email\SmtpEmailService.cs:line 65
2025-12-27 23:38:38 | Email verification sent to rinkeeverma@inovative.com
2025-12-27 23:39:33 | Email verified for user rinkeeverma@inovative.com
