2026-01-03 00:01:10 | JWT token generated for user: 0ae29e73-4000-44fb-a094-c47142529bcf
2026-01-03 00:02:01 | Category created: 1 by user 0ae29e73-4000-44fb-a094-c47142529bcf
2026-01-03 00:07:11 | Category created: 2 by user 0ae29e73-4000-44fb-a094-c47142529bcf
2026-01-03 00:09:45 | Category created: 3 by user 0ae29e73-4000-44fb-a094-c47142529bcf
2026-01-03 00:10:04 | Category created: 4 by user 0ae29e73-4000-44fb-a094-c47142529bcf
2026-01-03 00:10:23 | Category created: 5 by user 0ae29e73-4000-44fb-a094-c47142529bcf
2026-01-03 00:12:55 | Created storage root directory: wwwroot/uploads
2026-01-03 00:12:55 | Product created: 1 by user 0ae29e73-4000-44fb-a094-c47142529bcf
2026-01-03 00:13:17 | Product created: 2 by user 0ae29e73-4000-44fb-a094-c47142529bcf
2026-01-03 00:13:35 | Product created: 3 by user 0ae29e73-4000-44fb-a094-c47142529bcf
2026-01-03 00:14:00 | Product created: 4 by user 0ae29e73-4000-44fb-a094-c47142529bcf
2026-01-03 00:15:42 | Product created: 5 by user 0ae29e73-4000-44fb-a094-c47142529bcf
2026-01-03 00:16:07 | Product created: 6 by user 0ae29e73-4000-44fb-a094-c47142529bcf
2026-01-03 00:16:27 | Product created: 7 by user 0ae29e73-4000-44fb-a094-c47142529bcf
2026-01-03 00:16:48 | Product created: 8 by user 0ae29e73-4000-44fb-a094-c47142529bcf
2026-01-03 00:17:09 | Product created: 9 by user 0ae29e73-4000-44fb-a094-c47142529bcf
2026-01-03 00:17:40 | Product created: 10 by user 0ae29e73-4000-44fb-a094-c47142529bcf
2026-01-03 23:39:32 | JWT token generated for user: 0ae29e73-4000-44fb-a094-c47142529bcf
2026-01-03 23:40:06 | Image uploaded and optimized: Screenshot 2026-01-03 163119.png to wwwroot/uploads\products\c823b7e6-99dc-4053-b103-ac07eb005bb4.jpg
2026-01-03 23:40:06 | Image uploaded for product 1: 1
2026-01-03 23:46:01 | Image uploaded and optimized: Screenshot_2026-01-03_165329_fikmog.png to wwwroot/uploads\products\ae25ec3f-23e9-4bf1-8a90-ad228debe70a.jpg
2026-01-03 23:46:01 | Image uploaded for product 1: 2
